Multi-OEM/Retail Project Version : 180226-R84.0 - BaseLine  [MRP via MDL Forum ONLY] 
 
Required project files extracted successfully. 
 
OEM's folder detected, structure appears OK. 
 
No Config File Detected - Using Default Settings. 
 
MRP Logging Mode              : Standard 
Confirm File Delete           : Disabled 
W10 TitleBar Color            : Disabled 
Show 'ThisPC' On Desktop      : Disabled 
 
OS Installation Date/Time     : 06/22/2024 {UTC} -- 6:34pm 
 
[OSINF] =======================  
[OSINF] Detected OS Information  
[OSINF] =======================  
[OSINF] Version {SKU}         : Windows 10 Pro {48} 
[OSINF] Edition {Registry}    : Professional {48} 
[OSINF] Edition {CBS}         : Professional 
[OSINF] Architecture          : 64 Bits 
[OSINF] Build Information     : 18362.1.amd64fre.19h1_release.190318-1202 
[OSINF] Update Build Revision : 329 
[OSINF] Edition Language/Code : en-US / 1033 {409h} 
[OSINF] Locale                : en-US 
[OSINF] Language Name Value   : ENU 
[OSINF] =======================  
 
[MBINF] ======================= 
[MBINF] Motherboard Information 
[MBINF] ======================= 
[MBINF] #01 CS Product Name   : [HP ProBook 11 G2] 
[MBINF] #02 CS Model Name     : [HP ProBook 11 G2] 
[MBINF] #04 CS Vendor Name    : [HP] 
[MBINF] #05 CS System Name    : [HP] 
[MBINF] #06 Baseboard Name    : [HP] 
[MBINF] #08 BIOS or SLIC ID   : [HPQOEM - 0] 
[MBINF] #09 SLIC Information  : [2.1] 
[MBINF] #11 MSDM Information  : [MSDM Table OK, HP Brand Detected] 
[MBINF] ======================= 
 
[CMINF] ======================= 
[CMINF] CPU/Memory  Information 
[CMINF] ======================= 
[CMINF] CPU Name/Type         : [Intel{R} Core{TM} i3-6100U CPU @ 2.30GHz] 
[CMINF] CPU Description       : [Intel64 Family 6 Model 78 Stepping 3] 
[CMINF] CPU Architecture      : [32/64 Bit Instruction Set] 
[CMINF] CPU Cores/Threads     : [2] / [4] 
[CMINF] Total Physical Memory : [8087 Mb] 
[CMINF] Available Memory      : [7501 Mb] 
[CMINF] ======================= 
 
[HDTYP] Info: SSD Detected. 
 
[SATOU] List user options enabled or applied... 
[PKEIC] The PID.txt file was not detected. 
[PKEIC] The ei.cfg file was not detected. 
[CKDMI] Querying BIOS for any manufacturer brand information. 
[CKDCF] Detected possible DMI conflicts... 
[CKDCF] Possible [HP ProBook 11 G2] conflict, re-checked DMI [#01] resolved as [HP].  
[THMOK] HP [#01] manufacturer detected for automated theme/branding. 
[CHKMN] Computer Model Name: 'HP ProBook 11 G2' has been applied. 
[USRFT] CustomTheme option was not used. 
[WPCHK] Wallpaper.jpg transferred. 
[BGDFC] Desktop backgrounds folder created. 
[BGDFC] BackgroundDefault.jpg created from Wallpaper.jpg. 
[RMXML] OOBE.xml file processed. 
[UBREP] User.bmp replaced. 
[UPREP] User.png replaced. 
[UPREP] User-40.png replaced. 
[UPREP] User-32.png replaced. 
[UPREP] User-48.png replaced. 
[UPREP] User-192.png replaced. 
[WX81S] Lock Screen {img105.jpg} replaced. Original renamed as img0105.jpg. 
[WX81S] Log-In Background {img100.jpg} replaced. Original renamed as img0100.jpg. 
[OTFTS] OEM theme folder has been created. 
[OTFTS] OEM files have been transferred. 
[ATHBA] HP OEM theme has been applied.  
[BSHCS] Branding script has completed. 
